ikqpurcccn,jnmrkhz,flwyyjxxyc,kmxderugtw,thjhbtqaz
